%!Adobe-FontList 1.23
%Locale:0x80a

%BeginFont
Handler:DirectoryHandler
FontType:Type1
FontName:MinionPro-Regular
FamilyName:Minion Pro
StyleName:Regular
FullName:Minion Pro
MenuName:Minion Pro
StyleBits:0
WritingScript:Roman
OutlineFileName:D:\Diseño Indesing\Marca M.V\Document fonts\MinionPro-Regular.otf
DataFormat:sfntData
UsesStandardEncoding:yes
isCFF:yes
hasSVG:no
VariableFontType:NonVariableFont
FileLength:218640
FileModTime:1673191052
WeightClass:400
WidthClass:5
AngleClass:0
DesignSize:110
NameArray:0,Mac,4,Minion Pro
NameArray:0,Win,1,Minion Pro
%EndFont

%BeginFont
Handler:DirectoryHandler
FontType:TrueType
FontName:Satisfy
FamilyName:Satisfy
StyleName:Regular
FullName:Satisfy
MenuName:Satisfy
StyleBits:0
WritingScript:Roman
OutlineFileName:D:\Diseño Indesing\Marca M.V\Document fonts\Satisfy-Regular.ttf
DataFormat:sfntData
hasSVG:no
VariableFontType:NonVariableFont
FileLength:47928
FileModTime:1645484321
WeightClass:400
WidthClass:5
AngleClass:0
NameArray:0,Mac,18,Satisfy
NameArray:0,Mac,4,Satisfy
NameArray:0,Win,1,Satisfy
NameArray:0,Win,16,Satisfy
%EndFont

%BeginFont
Handler:DirectoryHandler
FontType:TrueType
FontName:Creampuff
FamilyName:Creampuff
StyleName:Regular
FullName:Creampuff
MenuName:Creampuff
StyleBits:0
WritingScript:Roman
OutlineFileName:D:\Diseño Indesing\Marca M.V\Document fonts\my - Creampuff.ttf
DataFormat:sfntData
hasSVG:no
VariableFontType:NonVariableFont
FileLength:73324
FileModTime:942474190
WeightClass:400
WidthClass:5
AngleClass:0
NameArray:0,Mac,4,Creampuff
NameArray:0,Win,1,Creampuff
%EndFont

