%!Adobe-FontList 1.23
%Locale:0x80a

%BeginFont
Handler:DirectoryHandler
FontType:TrueType
FontName:Happy-HappyJoyJoy
FamilyName:Happy
StyleName:Regular
FullName:Happy Happy Joy Joy
MenuName:Happy
StyleBits:0
WritingScript:Roman
OutlineFileName:D:\Diseños Illustrator\Diseño Indesing\ArtistaConAnimaciones\Document fonts\Happy Happy Joy Joy.ttf
DataFormat:sfntData
hasSVG:no
VariableFontType:NonVariableFont
FileLength:28452
FileModTime:1680888389
WeightClass:400
WidthClass:5
AngleClass:0
NameArray:0,Mac,4,Happy Happy Joy Joy
NameArray:0,Win,1,Happy
%EndFont

%BeginFont
Handler:DirectoryHandler
FontType:TrueType
FontName:MonotypeCorsiva
FamilyName:Monotype Corsiva
StyleName:Regular
FullName:Monotype Corsiva
MenuName:Monotype Corsiva
StyleBits:1
WritingScript:Roman
OutlineFileName:D:\Diseños Illustrator\Diseño Indesing\ArtistaConAnimaciones\Document fonts\MTCORSVA.TTF
DataFormat:sfntData
hasSVG:no
VariableFontType:NonVariableFont
FileLength:157360
FileModTime:1677130122
WeightClass:400
WidthClass:5
AngleClass:1
NameArray:0,Mac,4,Monotype Corsiva
NameArray:0,Win,1,Monotype Corsiva
%EndFont

%BeginFont
Handler:DirectoryHandler
FontType:Type1
FontName:NexaRustSlab-BlackShadow01
FamilyName:Nexa Rust Slab
StyleName:Black Shadow 01
FullName:Nexa Rust Slab Black Shadow 01
MenuName:Nexa Rust Slab Black Shadow 01
StyleBits:0
WritingScript:Roman
OutlineFileName:D:\Diseños Illustrator\Diseño Indesing\ArtistaConAnimaciones\Document fonts\NexaRustSlab-BlackShadow01.otf
DataFormat:sfntData
UsesStandardEncoding:yes
isCFF:yes
hasSVG:no
VariableFontType:NonVariableFont
FileLength:864968
FileModTime:1680888213
WeightClass:900
WidthClass:5
AngleClass:0
NameArray:0,Mac,4,Nexa Rust Slab Black Shadow 01
NameArray:0,Win,1,Nexa Rust Slab Black Shadow 01
NameArray:0,Win,16,Nexa Rust Slab
%EndFont

