%!Adobe-FontList 1.23
%Locale:0x80a

%BeginFont
Handler:DirectoryHandler
FontType:TrueType
FontName:AlteHaasGrotesk_Bold
FamilyName:Alte Haas Grotesk
StyleName:Bold
FullName:Alte Haas Grotesk Bold
MenuName:Alte Haas Grotesk
StyleBits:2
WritingScript:Roman
OutlineFileName:D:\Danna\SUBIR\WANFOR_FTRIVIÑO\Document fonts\AlteHaasGroteskBold.ttf
DataFormat:sfntData
hasSVG:no
VariableFontType:NonVariableFont
FileLength:144556
FileModTime:1661815680
WeightClass:700
WidthClass:5
AngleClass:0
NameArray:0,Mac,4,Alte Haas Grotesk Bold
NameArray:0,Win,1,Alte Haas Grotesk
%EndFont

%BeginFont
Handler:DirectoryHandler
FontType:TrueType
FontName:Cabin-Bold
FamilyName:Cabin
StyleName:Bold
FullName:Cabin Bold
MenuName:Cabin
StyleBits:2
WritingScript:Roman
OutlineFileName:D:\Danna\SUBIR\WANFOR_FTRIVIÑO\Document fonts\Cabin-Bold.ttf
DataFormat:sfntData
hasSVG:no
VariableFontType:NonVariableFont
FileLength:172576
FileModTime:1661815680
WeightClass:700
WidthClass:5
AngleClass:0
NameArray:0,Mac,18,Cabin Bold
NameArray:0,Mac,4,Cabin Bold
NameArray:0,Win,1,Cabin
%EndFont

%BeginFont
Handler:DirectoryHandler
FontType:TrueType
FontName:Cabin-Medium
FamilyName:Cabin
StyleName:Medium
FullName:Cabin Medium
MenuName:Cabin
StyleBits:0
WritingScript:Roman
OutlineFileName:D:\Danna\SUBIR\WANFOR_FTRIVIÑO\Document fonts\Cabin-Medium.ttf
DataFormat:sfntData
hasSVG:no
VariableFontType:NonVariableFont
FileLength:176076
FileModTime:1661815680
WeightClass:500
WidthClass:5
AngleClass:0
NameArray:0,Mac,18,Cabin Medium
NameArray:0,Mac,4,Cabin Medium
NameArray:0,Win,1,Cabin
%EndFont

%BeginFont
Handler:DirectoryHandler
FontType:TrueType
FontName:HeadingNowTrial-36Bold
FamilyName:Heading Now Trial
StyleName:36 Bold
FullName:Heading Now Trial 36 Bold
MenuName:Heading Now Trial 34
StyleBits:2
WritingScript:Roman
OutlineFileName:D:\Danna\SUBIR\WANFOR_FTRIVIÑO\Document fonts\HeadingNowTrial-36Bold.ttf
DataFormat:sfntData
hasSVG:no
VariableFontType:NonVariableFont
FileLength:218736
FileModTime:1661815680
WeightClass:700
WidthClass:5
AngleClass:0
NameArray:0,Mac,4,Heading Now Trial 36 Bold
NameArray:0,Win,1,Heading Now Trial 34
NameArray:0,Win,16,Heading Now Trial
%EndFont

